+ set -euo pipefail
+ readonly ARCHMAN_VERSION=1.0.0
+ ARCHMAN_VERSION=1.0.0
+++ dirname archman
++ cd .
++ pwd
+ SCRIPT_DIR=/home/ankur/github/pacman-utils
+ [[ -d /home/ankur/github/pacman-utils/lib ]]
+ LIB_DIR=/home/ankur/github/pacman-utils/lib
+ source /home/ankur/github/pacman-utils/lib/ui.sh
++ readonly 'CLR_RESET=\033[0m'
++ CLR_RESET='\033[0m'
++ readonly 'CLR_BOLD=\033[1m'
++ CLR_BOLD='\033[1m'
++ readonly 'CLR_DIM=\033[2m'
++ CLR_DIM='\033[2m'
++ readonly 'CLR_RED=\033[0;31m'
++ CLR_RED='\033[0;31m'
++ readonly 'CLR_GREEN=\033[0;32m'
++ CLR_GREEN='\033[0;32m'
++ readonly 'CLR_YELLOW=\033[0;33m'
++ CLR_YELLOW='\033[0;33m'
++ readonly 'CLR_BLUE=\033[0;34m'
++ CLR_BLUE='\033[0;34m'
++ readonly 'CLR_MAGENTA=\033[0;35m'
++ CLR_MAGENTA='\033[0;35m'
++ readonly 'CLR_CYAN=\033[0;36m'
++ CLR_CYAN='\033[0;36m'
++ readonly 'CLR_WHITE=\033[1;37m'
++ CLR_WHITE='\033[1;37m'
++ readonly 'CLR_BG_BLUE=\033[44m'
++ CLR_BG_BLUE='\033[44m'
++ HAS_GUM=false
++ HAS_FZF=false
++ HAS_REFLECTOR=false
++ HAS_PACCACHE=false
+ source /home/ankur/github/pacman-utils/lib/settings.sh
++ readonly CONFIG_DIR=/home/ankur/.config/archman
++ CONFIG_DIR=/home/ankur/.config/archman
++ readonly CONFIG_FILE=/home/ankur/.config/archman/settings.conf
++ CONFIG_FILE=/home/ankur/.config/archman/settings.conf
++ readonly LOG_FILE=/home/ankur/.config/archman/archman.log
++ LOG_FILE=/home/ankur/.config/archman/archman.log
++ readonly FAVORITES_FILE=/home/ankur/.config/archman/favorites.txt
++ FAVORITES_FILE=/home/ankur/.config/archman/favorites.txt
++ SETTINGS=(['AUR_HELPER']='yay' ['DRY_RUN']='false' ['CONFIRM_ACTIONS']='true' ['LOG_ENABLED']='true' ['PACCACHE_KEEP']='3')
++ declare -A SETTINGS
+ source /home/ankur/github/pacman-utils/lib/install.sh
+ source /home/ankur/github/pacman-utils/lib/remove.sh
+ source /home/ankur/github/pacman-utils/lib/search.sh
+ source /home/ankur/github/pacman-utils/lib/update.sh
+ source /home/ankur/github/pacman-utils/lib/cache.sh
+ source /home/ankur/github/pacman-utils/lib/lockfile.sh
++ readonly LOCK_FILE=/var/lib/pacman/db.lck
++ LOCK_FILE=/var/lib/pacman/db.lck
+ source /home/ankur/github/pacman-utils/lib/mirrors.sh
++ readonly MIRRORLIST=/etc/pacman.d/mirrorlist
++ MIRRORLIST=/etc/pacman.d/mirrorlist
++ readonly MIRRORLIST_BACKUP=/etc/pacman.d/mirrorlist.bak
++ MIRRORLIST_BACKUP=/etc/pacman.d/mirrorlist.bak
+ source /home/ankur/github/pacman-utils/lib/info.sh
+ source /home/ankur/github/pacman-utils/lib/packages.sh
+ source /home/ankur/github/pacman-utils/lib/export_import.sh
+ source /home/ankur/github/pacman-utils/lib/favorites.sh
+ source /home/ankur/github/pacman-utils/lib/groups.sh
++ declare -A PKG_GROUPS
++ declare -A GROUP_DESC
++ PKG_GROUPS[gnome]='gnome gnome-extra gdm gnome-tweaks'
++ GROUP_DESC[gnome]='GNOME Desktop Environment'
++ PKG_GROUPS[kde]='plasma kde-applications sddm'
++ GROUP_DESC[kde]='KDE Plasma Desktop'
++ PKG_GROUPS[hyprland]='hyprland waybar wofi kitty swaybg swaylock mako grim slurp'
++ GROUP_DESC[hyprland]='Hyprland Wayland Compositor'
++ PKG_GROUPS[sway]='sway swaylock swayidle waybar wofi foot mako grim slurp'
++ GROUP_DESC[sway]='Sway Wayland Compositor'
++ PKG_GROUPS[i3]='i3-wm i3status i3lock dmenu alacritty picom feh dunst'
++ GROUP_DESC[i3]='i3 Window Manager'
++ PKG_GROUPS[dev]='base-devel git nodejs npm python python-pip go rustup docker docker-compose'
++ GROUP_DESC[dev]='Development Essentials'
++ PKG_GROUPS[gaming]='steam lutris wine-staging gamemode lib32-mesa lib32-vulkan-icd-loader mangohud'
++ GROUP_DESC[gaming]='Gaming (Steam, Lutris, Wine)'
++ PKG_GROUPS[multimedia]='vlc obs-studio gimp inkscape audacity ffmpeg mpv imagemagick'
++ GROUP_DESC[multimedia]='Multimedia (Video, Audio, Graphics)'
++ PKG_GROUPS[networking]='networkmanager nm-connection-editor openssh curl wget nmap wireshark-qt'
++ GROUP_DESC[networking]='Networking Tools'
++ PKG_GROUPS[fonts]='ttf-dejavu ttf-liberation noto-fonts noto-fonts-cjk noto-fonts-emoji ttf-fira-code ttf-jetbrains-mono'
++ GROUP_DESC[fonts]='Essential Fonts'
++ PKG_GROUPS[terminal]='zsh fish starship tmux neovim htop btop bat eza fd ripgrep fzf gum'
++ GROUP_DESC[terminal]='Terminal Power Tools'
++ PKG_GROUPS[security]='ufw gufw clamav firejail keepassxc gnupg'
++ GROUP_DESC[security]='Security Tools'
+ case "${1:-}" in
+ init
+ detect_capabilities
+ command -v gum
+ HAS_GUM=true
+ command -v fzf
+ HAS_FZF=true
+ command -v reflector
+ HAS_REFLECTOR=true
+ command -v paccache
+ HAS_PACCACHE=true
+ settings_init
+ mkdir -p /home/ankur/.config/archman
+ [[ ! -f /home/ankur/.config/archman/settings.conf ]]
+ settings_load
+ [[ -f /home/ankur/.config/archman/settings.conf ]]
+ IFS==
+ read -r key value
+ [[ # Arch System Manager Configuration =~ ^[[:space:]]*# ]]
+ continue
+ IFS==
+ read -r key value
+ [[ # Generated on 2026-07-18 12:53:50 =~ ^[[:space:]]*# ]]
+ continue
+ IFS==
+ read -r key value
+ [[ '' =~ ^[[:space:]]*# ]]
+ [[ -z '' ]]
+ continue
+ IFS==
+ read -r key value
+ [[ # AUR helper to use (yay / paru) =~ ^[[:space:]]*# ]]
+ continue
+ IFS==
+ read -r key value
+ [[ AUR_HELPER =~ ^[[:space:]]*# ]]
+ [[ -z AUR_HELPER ]]
++ echo AUR_HELPER
++ xargs
+ key=AUR_HELPER
++ echo yay
++ xargs
+ value=yay
+ [[ -n AUR_HELPER ]]
+ [[ -n yay ]]
+ SETTINGS[$key]=yay
+ IFS==
+ read -r key value
+ [[ '' =~ ^[[:space:]]*# ]]
+ [[ -z '' ]]
+ continue
+ IFS==
+ read -r key value
+ [[ # Dry-run mode — preview changes before executing (true / false) =~ ^[[:space:]]*# ]]
+ continue
+ IFS==
+ read -r key value
+ [[ DRY_RUN =~ ^[[:space:]]*# ]]
+ [[ -z DRY_RUN ]]
++ echo DRY_RUN
++ xargs
+ key=DRY_RUN
++ echo false
++ xargs
+ value=false
+ [[ -n DRY_RUN ]]
+ [[ -n false ]]
+ SETTINGS[$key]=false
+ IFS==
+ read -r key value
+ [[ '' =~ ^[[:space:]]*# ]]
+ [[ -z '' ]]
+ continue
+ IFS==
+ read -r key value
+ [[ # Confirm before destructive operations (true / false) =~ ^[[:space:]]*# ]]
+ continue
+ IFS==
+ read -r key value
+ [[ CONFIRM_ACTIONS =~ ^[[:space:]]*# ]]
+ [[ -z CONFIRM_ACTIONS ]]
++ echo CONFIRM_ACTIONS
++ xargs
+ key=CONFIRM_ACTIONS
++ echo true
++ xargs
+ value=true
+ [[ -n CONFIRM_ACTIONS ]]
+ [[ -n true ]]
+ SETTINGS[$key]=true
+ IFS==
+ read -r key value
+ [[ '' =~ ^[[:space:]]*# ]]
+ [[ -z '' ]]
+ continue
+ IFS==
+ read -r key value
+ [[ # Enable activity logging (true / false) =~ ^[[:space:]]*# ]]
+ continue
+ IFS==
+ read -r key value
+ [[ LOG_ENABLED =~ ^[[:space:]]*# ]]
+ [[ -z LOG_ENABLED ]]
++ xargs
++ echo LOG_ENABLED
+ key=LOG_ENABLED
++ echo true
++ xargs
+ value=true
+ [[ -n LOG_ENABLED ]]
+ [[ -n true ]]
+ SETTINGS[$key]=true
+ IFS==
+ read -r key value
+ [[ '' =~ ^[[:space:]]*# ]]
+ [[ -z '' ]]
+ continue
+ IFS==
+ read -r key value
+ [[ # Number of package versions to keep when cleaning cache =~ ^[[:space:]]*# ]]
+ continue
+ IFS==
+ read -r key value
+ [[ PACCACHE_KEEP =~ ^[[:space:]]*# ]]
+ [[ -z PACCACHE_KEEP ]]
++ echo PACCACHE_KEEP
++ xargs
+ key=PACCACHE_KEEP
++ echo 2
++ xargs
+ value=2
+ [[ -n PACCACHE_KEEP ]]
+ [[ -n 2 ]]
+ SETTINGS[$key]=2
+ IFS==
+ read -r key value
+ AUR_HELPER=yay
+ [[ true == true ]]
+ touch /home/ankur/.config/archman/archman.log
+ [[ -f /home/ankur/.config/archman/favorites.txt ]]
+ AUR_HELPER=yay
+ log_action 'SESSION: archman v1.0.0 started'
+ [[ true == true ]]
++ date '+%Y-%m-%d %H:%M:%S'
+ echo '[2026-07-18 13:34:11] SESSION: archman v1.0.0 started'
+ main_menu
+ true
+ ui_clear
+ clear
